

Fri Oct 20 11:04:05 2017
Command line: TestDisk

TestDisk 7.0, Data Recovery Utility, April 2015
Christophe GRENIER <grenier@cgsecurity.org>
http://www.cgsecurity.org
OS: Linux, kernel 4.13.5-200.fc26.x86_64 (#1 SMP Thu Oct 5 16:53:13 UTC 2017) x86_64
Compiler: GCC 7.1
Compilation date: 2017-05-30T18:54:36
ext2fs lib: 1.43.4, ntfs lib: libntfs-3g, reiserfs lib: none, ewf lib: 20140608, curses lib: ncurses 6.0
/dev/sda: LBA, LBA48 support
/dev/sda: size       500118192 sectors
/dev/sda: user_max   500118192 sectors
Warning: can't get size for Disk /dev/mapper/control - 0 B - 0 sectors, sector size=512
/dev/mapper/fedora-home: LBA, LBA48 support
/dev/mapper/fedora-home: size       126836736 sectors
/dev/mapper/fedora-home: user_max   500118192 sectors
/dev/mapper/fedora-root: LBA, LBA48 support
/dev/mapper/fedora-root: size       104857600 sectors
/dev/mapper/fedora-root: user_max   500118192 sectors
/dev/mapper/fedora-swap: LBA, LBA48 support
/dev/mapper/fedora-swap: size       16465920 sectors
/dev/mapper/fedora-swap: user_max   500118192 sectors
/dev/dm-0: LBA, LBA48 support
/dev/dm-0: size       104857600 sectors
/dev/dm-0: user_max   500118192 sectors
/dev/dm-1: LBA, LBA48 support
/dev/dm-1: size       16465920 sectors
/dev/dm-1: user_max   500118192 sectors
/dev/dm-2: LBA, LBA48 support
/dev/dm-2: size       126836736 sectors
/dev/dm-2: user_max   500118192 sectors
Hard disk list
Disk /dev/sda - 256 GB / 238 GiB - CHS 31130 255 63, sector size=512 - SanDisk SD8TB8U256G1001, S/N:163902800137, FW:X4120101
Disk /dev/mapper/fedora-home - 64 GB / 60 GiB - 126836736 sectors, sector size=512 - SanDisk SD8TB8U256G1001, S/N:163902800137, FW:X4120101
Disk /dev/mapper/fedora-root - 53 GB / 50 GiB - 104857600 sectors, sector size=512 - SanDisk SD8TB8U256G1001, S/N:163902800137, FW:X4120101
Disk /dev/mapper/fedora-swap - 8430 MB / 8040 MiB - 16465920 sectors, sector size=512 - SanDisk SD8TB8U256G1001, S/N:163902800137, FW:X4120101
Disk /dev/dm-0 - 53 GB / 50 GiB - 104857600 sectors, sector size=512 - SanDisk SD8TB8U256G1001, S/N:163902800137, FW:X4120101
Disk /dev/dm-1 - 8430 MB / 8040 MiB - 16465920 sectors, sector size=512 - SanDisk SD8TB8U256G1001, S/N:163902800137, FW:X4120101
Disk /dev/dm-2 - 64 GB / 60 GiB - 126836736 sectors, sector size=512 - SanDisk SD8TB8U256G1001, S/N:163902800137, FW:X4120101

Partition table type (auto): None
Disk /dev/mapper/fedora-home - 64 GB / 60 GiB - SanDisk SD8TB8U256G1001
Partition table type: None

Interface Advanced

recover_EXT2: s_block_group_nr=0/483, s_mnt_count=351/4294967295, s_blocks_per_group=32768, s_inodes_per_group=8192
recover_EXT2: s_blocksize=4096
recover_EXT2: s_blocks_count 15854592
recover_EXT2: part_size 126836736
   P ext4                           0  126836735  126836736
     ext4 blocksize=4096 Large_file Sparse_SB Recover, 64 GB / 60 GiB
search_superblock

recover_EXT2: s_block_group_nr=0/483, s_mnt_count=351/4294967295, s_blocks_per_group=32768, s_inodes_per_group=8192
recover_EXT2: s_blocksize=4096
recover_EXT2: s_blocks_count 15854592
recover_EXT2: part_size 126836736
Ext2 superblock found at sector 2 (block=0, blocksize=4096)

block_group_nr 1

recover_EXT2: "e2fsck -b 32768 -B 4096 device" may be needed
recover_EXT2: s_block_group_nr=1/483, s_mnt_count=0/4294967295, s_blocks_per_group=32768, s_inodes_per_group=8192
recover_EXT2: s_blocksize=4096
recover_EXT2: s_blocks_count 15854592
recover_EXT2: part_size 126836736
Ext2 superblock found at sector 262144 (block=32768, blocksize=4096)

block_group_nr 3

recover_EXT2: "e2fsck -b 98304 -B 4096 device" may be needed
recover_EXT2: s_block_group_nr=3/483, s_mnt_count=0/4294967295, s_blocks_per_group=32768, s_inodes_per_group=8192
recover_EXT2: s_blocksize=4096
recover_EXT2: s_blocks_count 15854592
recover_EXT2: part_size 126836736
Ext2 superblock found at sector 786432 (block=98304, blocksize=4096)

block_group_nr 5

recover_EXT2: "e2fsck -b 163840 -B 4096 device" may be needed
recover_EXT2: s_block_group_nr=5/483, s_mnt_count=0/4294967295, s_blocks_per_group=32768, s_inodes_per_group=8192
recover_EXT2: s_blocksize=4096
recover_EXT2: s_blocks_count 15854592
recover_EXT2: part_size 126836736
Ext2 superblock found at sector 1310720 (block=163840, blocksize=4096)

block_group_nr 7

recover_EXT2: "e2fsck -b 229376 -B 4096 device" may be needed
recover_EXT2: s_block_group_nr=7/483, s_mnt_count=0/4294967295, s_blocks_per_group=32768, s_inodes_per_group=8192
recover_EXT2: s_blocksize=4096
recover_EXT2: s_blocks_count 15854592
recover_EXT2: part_size 126836736
Ext2 superblock found at sector 1835008 (block=229376, blocksize=4096)

block_group_nr 9

recover_EXT2: "e2fsck -b 294912 -B 4096 device" may be needed
recover_EXT2: s_block_group_nr=9/483, s_mnt_count=0/4294967295, s_blocks_per_group=32768, s_inodes_per_group=8192
recover_EXT2: s_blocksize=4096
recover_EXT2: s_blocks_count 15854592
recover_EXT2: part_size 126836736
Ext2 superblock found at sector 2359296 (block=294912, blocksize=4096)

block_group_nr 25

recover_EXT2: "e2fsck -b 819200 -B 4096 device" may be needed
recover_EXT2: s_block_group_nr=25/483, s_mnt_count=0/4294967295, s_blocks_per_group=32768, s_inodes_per_group=8192
recover_EXT2: s_blocksize=4096
recover_EXT2: s_blocks_count 15854592
recover_EXT2: part_size 126836736
Ext2 superblock found at sector 6553600 (block=819200, blocksize=4096)

block_group_nr 27

recover_EXT2: "e2fsck -b 884736 -B 4096 device" may be needed
recover_EXT2: s_block_group_nr=27/483, s_mnt_count=0/4294967295, s_blocks_per_group=32768, s_inodes_per_group=8192
recover_EXT2: s_blocksize=4096
recover_EXT2: s_blocks_count 15854592
recover_EXT2: part_size 126836736
Ext2 superblock found at sector 7077888 (block=884736, blocksize=4096)

block_group_nr 49

recover_EXT2: "e2fsck -b 1605632 -B 4096 device" may be needed
recover_EXT2: s_block_group_nr=49/483, s_mnt_count=0/4294967295, s_blocks_per_group=32768, s_inodes_per_group=8192
recover_EXT2: s_blocksize=4096
recover_EXT2: s_blocks_count 15854592
recover_EXT2: part_size 126836736
Ext2 superblock found at sector 12845056 (block=1605632, blocksize=4096)

block_group_nr 81

recover_EXT2: "e2fsck -b 2654208 -B 4096 device" may be needed
recover_EXT2: s_block_group_nr=81/483, s_mnt_count=0/4294967295, s_blocks_per_group=32768, s_inodes_per_group=8192
recover_EXT2: s_blocksize=4096
recover_EXT2: s_blocks_count 15854592
recover_EXT2: part_size 126836736
Ext2 superblock found at sector 21233664 (block=2654208, blocksize=4096)
  ext4                           0  126836735  126836736
superblock 0, blocksize=4096 []
superblock 32768, blocksize=4096 []
superblock 98304, blocksize=4096 []
superblock 163840, blocksize=4096 []
superblock 229376, blocksize=4096 []
superblock 294912, blocksize=4096 []
superblock 819200, blocksize=4096 []
superblock 884736, blocksize=4096 []
superblock 1605632, blocksize=4096 []
superblock 2654208, blocksize=4096 []

To repair the filesystem using alternate superblock, run
fsck.ext4 -p -b superblock -B blocksize device


dir_partition inode=2
   P ext4                           0  126836735  126836736
     ext4 blocksize=4096 Large_file Sparse_SB Recover, 64 GB / 60 GiB
Directory /
       2 drwxr-xr-x     0      0      4096 10-Feb-2017 16:54 .
       2 drwxr-xr-x     0      0      4096 10-Feb-2017 16:54 ..
      11 drwx------     0      0     16384 28-May-2017 04:29 lost+found
 1179649 drwxr-xr-x  1000      0      4096 20-Oct-2017 08:56 lkohlmaier

dir_partition inode=1179649
   P ext4                           0  126836735  126836736
     ext4 blocksize=4096 Large_file Sparse_SB Recover, 64 GB / 60 GiB
Directory /lkohlmaier
 1179649 drwxr-xr-x  1000      0      4096 20-Oct-2017 08:56 .
       2 drwxr-xr-x     0      0      4096 10-Feb-2017 16:54 ..
 1179650 -rw-r--r--  1000   1000       231 30-Sep-2016 10:25 .bashrc
 1179651 drwxr-xr-x  1000   1000      4096 27-May-2017 22:34 .mozilla
 1179654 -rw-r--r--  1000   1000       193 30-Sep-2016 10:25 .bash_profile
 1179655 -rw-r--r--  1000   1000        18 30-Sep-2016 10:25 .bash_logout
 1179656 drwx------  1000   1000      4096 19-Oct-2017 11:53 .cache
 1179657 drwxr-xr-x  1000   1000      4096 19-Oct-2017 15:28 .config
 1179661 drwx------  1000   1000      4096 27-May-2017 23:33 .local
 1179706 drwxr-xr-x  1000   1000      4096 20-Oct-2017 10:10 Desktop
 1179658 -rw-------  1000   1000     70064 20-Oct-2017 08:56 .ICEauthority
 1179671 -rw-------  1000   1000        16 27-May-2017 23:33 .esd_auth
 1582367 drwxrwxr-x  1000   1000      4096 19-Oct-2017 21:24 Downloads
 1974213 drwxr-xr-x  1000   1000      4096 26-Sep-2017 18:17 .vbam
 1179709 drwxr-xr-x  1000   1000      4096 27-May-2017 23:33 Public
 1179710 drwxr-xr-x  1000   1000      4096 20-Oct-2017 09:47 Documents
 1179711 drwxr-xr-x  1000   1000      4096 27-May-2017 23:33 Music
 1179712 drwxr-xr-x  1000   1000      4096 18-Oct-2017 20:48 Pictures
 1179713 drwxr-xr-x  1000   1000      4096 27-May-2017 23:33 Videos
 1180119 drwx------  1000   1000      4096 27-May-2017 22:35 .gnupg
 1180122 drwx------  1000   1000      4096 31-May-2017 09:40 .ssh
 1180149 -rw-------  1000   1000     21490 19-Oct-2017 21:28 .bash_history
 1180633 drwx------  1000   1000      4096 27-May-2017 22:58 .pki
 1180296 drwxr-xr-x  1000   1000      4096 23-Sep-2017 11:48 .atom
 1183911 drwxrwxr-x  1000   1000      4096 28-May-2017 00:13 .AndroidStudio2.3
 1183913 drwxrwxr-x  1000   1000      4096 30-May-2017 19:30 .java
 1184567 drwxrwxr-x  1000   1000      4096 13-Jun-2017 18:31 .android
 1184671 drwxrwxr-x  1000   1000      4096 28-May-2017 00:13 Android
 1189168 drwxrwxr-x  1000   1000      4096 28-May-2017 00:23 .esmtp_queue
 1189357 drwxrwxr-x  1000   1000      4096 28-May-2017 00:45 .nbi
 1189363 drwxrwxr-x  1000   1000      4096 30-May-2017 19:30 .oracle_jre_usage
 1318502 drwxrwxr-x  1000   1000      4096 20-Oct-2017 08:57 netbeans-8.2
 1577437 drwxrwxr-x  1000   1000      4096  5-Oct-2017 09:36 FxAnimation
 1318439 drwxrwxr-x  1000   1000      4096 28-May-2017 01:15 .3T
 1318461 drwxrwxr-x  1000   1000      4096 13-Jun-2017 18:28 StudioProjects
 1838937 drwxrwxr-x  1000   1000      4096 29-May-2017 13:01 .gradle
 1319597 drwx------  1000   1000      4096 28-May-2017 21:13 .gnome
 1200780 drwxr-xr-x  1000   1000      4096 27-Aug-2017 17:43 Virtual Machines
 1200605 drwxr-xr-x  1000   1000      4096 29-May-2017 07:52 .netbeans
 1216603 drwxr-xr-x  1000   1000      4096 30-May-2017 19:52 AtomProjects
 1195615 drwxrwxr-x  1000   1000     36864 17-Oct-2017 22:46 .npm
 1206990 drwxr-xr-x  1000   1000      4096 19-Sep-2017 21:48 SqlDeveloperConnectors
 1202214 drwxr-xr-x  1000   1000      4096 26-Jul-2017 23:16 NetBeansProjects
 1202494 drwxr-xr-x  1000   1000      4096 29-May-2017 08:40 .scenebuilder
 1194021 -rw-r-----  1000   1000         0  8-Aug-2017 20:43 .gksu.lock
 1202187 drwxr-xr-x  1000   1000      4096 15-Aug-2017 16:55 .vmware
 1712307 drwxrwxr-x  1000   1000      4096 30-Sep-2017 11:22 .netbeans-derby
 1229320 drwxrwxr-x  1000   1000      4096 17-Sep-2017 15:02 .pencil
 1712894 drwxrwxr-x  1000   1000      4096 15-Sep-2017 12:59 .sqldeveloper
 1712918 drwxrwxr-x  1000   1000      4096 29-May-2017 14:29 .gfclient
 1577700 drwxr-xr-x  1000   1000      4096  5-Oct-2017 09:06 02FXAnim
 1979864 drwxrwxr-x  1000   1000      4096 23-Sep-2017 11:48 github
 1582403 drwxrwxr-x  1000   1000      4096 16-Oct-2017 22:44 CarAnimation
 1212548 -rw-------  1000   1000        16 30-May-2017 14:38 .emulator_console_auth_token
 1323435 drwx------  1000   1000      4096  2-Jun-2017 11:28 .gnome2
 1212735 -rw-rw-r--  1000   1000        59 30-May-2017 15:13 .gitconfig
 1196518 -rw-------  1000   1000        14 17-Sep-2017 14:31 .node_repl_history
 2368610 drwxr-xr-x  1000   1000      4096 20-Oct-2017 10:59 react applications
 1840330 drwxr-xr-x  1000   1000      4096 12-Oct-2017 13:04 Ezzes
 1229474 -rw-rw-r--  1000   1000      8284 17-Oct-2017 15:48 PRE-MUH-RUP-PROJEKT.odt
 1220619 drwxrwxr-x  1000   1000      4096 19-Jun-2017 14:20 .minecraft
 1195405 -rw-r--r--  1000   1000     86571 19-Jun-2017 15:24 Fast Fouier Transformation.pdf
X1981603 -rw-rw-r--  1000   1000     29319  5-Oct-2017 14:19 ROMS
 2241263 drwxr-x---  1000   1000      4096 26-Sep-2017 19:08 .openarena
 2505202 drwxrwxr-x  1000   1000      4096 16-Oct-2017 18:01 meme
 1228887 drwxrwxr-x  1000   1000      4096 13-Aug-2017 16:03 vmware
 1245423 drwxr-xr-x  1000   1000      4096 22-Aug-2017 21:44 .eclipse
 1190475 -rw-r--r--  1000   1000        64 27-Sep-2017 22:11 Untitled Document 1
 2241425 drwxr-xr-x  1000   1000      4096  4-Aug-2017 11:56 payara41
 1245425 drwxr-xr-x  1000   1000      4096 27-Sep-2017 21:36 .p2
 1245447 drwxr-xr-x  1000   1000      4096 22-Aug-2017 21:48 eclipse
 1229299 drwxr-xr-x  1000   1000      4096 20-Sep-2017 21:11 eclipse-workspace
 1261688 drwxr-xr-x  1000   1000      4096 11-Jul-2017 22:00 .tooling
 1237504 drwxr-xr-x  1000   1000      4096 30-Sep-2017 10:55 .m2
 1269769 drwxr-xr-x  1000   1000      4096 13-Aug-2017 21:36 .swt
 1269771 drwxr-xr-x  1000   1000      4096 11-Jul-2017 22:09 .cert
 1368345 drwxrwxr-x  1000   1000      4096 17-Jul-2017 19:20 .ivy2
 1181097 -rw-rw-r--  1000   1000      3487 19-Sep-2017 20:46 .pgadmin3
 1215991 -rwxrwxr-x  1000   1000      2151 17-Jul-2017 21:45 staruml.sh
 1191335 -rw-r--r--  1000   1000      1359 13-Aug-2017 10:23 .recently-used
 1183501 -rw-r--r--  1000   1000     20902  3-Oct-2017 12:36 beurteilung_bsd5b.xlsx
 1286541 drwxr-xr-x  1000   1000      4096  7-Oct-2017 22:42 .gimp-2.8
 1210032 -rwxr-xr-x     0      0       147 19-Jul-2017 21:53 openMariaDBPort.sh
 1425449 drwx------  1000   1000      4096  2-Aug-2017 17:25 .thumbnails
 1245331 drwxrwxr-x  1000   1000      4096 15-Oct-2017 23:32 Calibre Library
 1245337 drwxr-xr-x  1000   1000      4096  8-Aug-2017 00:34 .jsdt-chromium
 1221782 -rw-rw-r--  1000   1000   3397734  5-Oct-2017 22:41 ojdbc7.jar
 1199054 -rw-r--r--  1000   1000     11727 19-Sep-2017 16:43 Info.docx
 2241923 drwxrwxr-x  1000   1000      4096 30-Sep-2017 18:22 .redeclipse
 1183069 -rw-rw-r--  1000   1000       105  7-Oct-2017 12:59 datamodeler.log
 2228302 drwxr-xr-x  1000   1000      4096 14-Oct-2017 13:24 Unterlagen
 1183378 -rw-------  1000   1000        67 19-Sep-2017 20:35 .pgpass
 1237529 drwxrwxr-x  1000   1000      4096 12-Aug-2017 16:35 bf
 1211083 -rw-------  1000   1000        98 11-Aug-2017 16:20 .mysql_history
 1982541 drwxrwxr-x  1000   1000      4096 30-Sep-2017 18:53 WeatherDesk
 2369981 drwxrwxr-x  1000   1000      4096 30-Sep-2017 18:53 .weatherdesk_walls
 1720745 drwxr-xr-x  1000   1000      4096  7-Oct-2017 14:40 glassfish-5.0
 1839518 drwxr-xr-x  1000   1000      4096  4-Feb-2017 21:54 UrbanTerror43
 1195593 -rw-rw-r--  1000   1000    102578 20-Aug-2017 21:17 formhotels.php
 1204672 -rw-rw-r--  1000   1000       173 13-Aug-2017 21:30 .install4j
 1228906 drwxr-xr-x  1000   1000      4096 13-Aug-2017 21:36 .fakturama
 1981561 drwxr-xr-x  1000   1000      4096 18-Oct-2017 11:36 Netbeans2017-18
 1270045 drwxr-xr-x  1000   1000      4096 16-Sep-2017 08:48 git
 1218042 -rw-r--r--  1000   1000     54227 11-Oct-2017 13:51 ExerciseFXAnimV3.pdf
 1302761 drwxr-xr-x  1000   1000      4096 22-Aug-2017 22:02 git1
 1180564 -rw-rw-r--  1000   1000       570 13-Oct-2017 13:03 dbiQuartal.sql
 1840076 drwxr-xr-x  1000   1000      4096 14-Oct-2017 02:00 apache-tomcat-9.0.1
 1179972 -rw-rw-r--  1000   1000    137019 14-Oct-2017 02:21 hs_err_pid22433.log
 1320763 -rw-r--r--  1000   1000     99685 14-Sep-2017 10:05 ThreadProject Kohlmaier.zip
 1192435 -rw-r--r--  1000   1000    219125 18-Sep-2017 17:00 beurteilung_pos5b.xlsx
 1192493 -rw-r--r--  1000   1000    222412 19-Sep-2017 09:47 ExerciseV1.pdf
 1840529 drwxrwxr-x  1000   1000      4096 19-Oct-2017 09:21 SocketApplication
X1179857 -rw-r--r--  1000   1000     19475 20-Oct-2017 08:56 .ICEauthority-c
 1196343 -rw-r--r--  1000   1000     21338 21-Sep-2017 08:08 502_Thread.pdf
 1842343 drwxrwxr-x  1000   1000      4096 19-Oct-2017 10:02 ClientServerSocket
X1198053 -rw-------  1000   1000      1304  8-Oct-2017 13:57 phpinfo.php
 1192065 -rw-r--r--  1000   1000     56557 22-Sep-2017 09:09 Rechtliche Abkl√§rung.pdf
 1203087 -rw-rw-r--  1000   1000     19173 23-Sep-2017 20:05 TutoringTrainLogo.svg
X1179857 -rw-r--r--  1000   1000     19475 20-Oct-2017 08:56 .ICEauthority-l
X1180570 -rw-------  1000   1000     65301 19-Oct-2017 20:43 flowRoot4305.png
X1203085 -rw-------  1000   1000         0 18-Oct-2017 21:08 TutoringTrainLogo.svg.2017_09_23_11_25_42.0.svg
X1231724 -rw-------  1000   1000      3197 16-Oct-2017 21:55 notebookElias
 1198272 -rw-rw-r--  1000   1000       379 25-Sep-2017 18:56 .chromium-bsu
 1191766 -rw-r--r--  1000   1000    150509 25-Sep-2017 16:53 ExerciseV2.pdf
X1179728 -rw-r--r--  1000   1000         0 20-Oct-2017 10:38 .ICEauthority-c
X1843223 drwxrwxr-x  1000   1000      4096 17-Oct-2017 13:27 PizzaStationSimulation V2
X1179728 -rw-r--r--  1000   1000         0 20-Oct-2017 10:38 .ICEauthority-l

dir_partition inode=2368610
   P ext4                           0  126836735  126836736
     ext4 blocksize=4096 Large_file Sparse_SB Recover, 64 GB / 60 GiB
Directory /lkohlmaier/react applications
 2368610 drwxr-xr-x  1000   1000      4096 20-Oct-2017 10:59 .
 1179649 drwxr-xr-x  1000      0      4096 20-Oct-2017 08:56 ..
 2364041 drwxrwxr-x  1000   1000      4096 20-Oct-2017 10:56 tutoringtrain
X2364041 drwxrwxr-x  1000   1000      4096 20-Oct-2017 10:56 tutoringtrain (copy)
 2368611 drwxrwxr-x  1000   1000      4096  4-Oct-2017 11:00 bakeryOrderSystemWebApplication
X2368640 lrwxrwxrwx  1000   1000        17  4-Oct-2017 10:25 b09077de123985b7_0
X2369560 drwxrwxr-x  1000   1000      4096 29-Sep-2017 20:19 3322af362dd954b0_0
X2369587 drwxrwxr-x  1000   1000      4096 17-Oct-2017 13:30 1157fee2e2dc1968_0
X2369701 drwxrwxr-x  1000   1000      4096 29-Sep-2017 20:18 7c8b770607d24b2d_0
X2369702 drwxrwxr-x  1000   1000      4096 29-Sep-2017 20:19 752d91f404f03b53_0
X2369703 drwxrwxr-x  1000   1000      4096 29-Sep-2017 20:19 345f011f5c1596e7_0

dir_partition inode=2364041
   P ext4                           0  126836735  126836736
     ext4 blocksize=4096 Large_file Sparse_SB Recover, 64 GB / 60 GiB
Directory /lkohlmaier/react applications/tutoringtrain
 2364041 drwxrwxr-x  1000   1000      4096 20-Oct-2017 10:56 .
 2368610 drwxr-xr-x  1000   1000      4096 20-Oct-2017 10:59 ..
 2364043 -rw-rw-r--  1000   1000        38  4-Oct-2017 10:52 .babelrc
 2369531 -rw-rw-r--  1000   1000       289  4-Oct-2017 10:52 .dockerignore
 2369533 -rw-rw-r--  1000   1000        13  4-Oct-2017 10:54 .gitignore
 2369554 -rw-rw-r--  1000   1000       513  4-Oct-2017 10:54 Dockerfile
 2369851 -rw-rw-r--  1000   1000       848 20-Oct-2017 10:29 webpack.config.js
 2369876 -rw-rw-r--  1000   1000       111 20-Oct-2017 10:29 README.md
 2369997 -rw-rw-r--  1000   1000       990 20-Oct-2017 10:29 package.json
 2370001 drwxrwxr-x  1000   1000      4096  4-Oct-2017 10:54 src
 2374084 drwxr-xr-x  1000   1000     32768 20-Oct-2017 10:59 node_modules
X2374528 drwxrwxr-x  1000   1000      4096 20-Oct-2017 10:56 .git
Directory /lkohlmaier/react applications
 2368610 drwxr-xr-x  1000   1000      4096 20-Oct-2017 10:59 .
 1179649 drwxr-xr-x  1000      0      4096 20-Oct-2017 08:56 ..
 2364041 drwxrwxr-x  1000   1000      4